[32m[Nest] 12960  - [39m10/04/2026, 10:07:54 p.m. [32m    LOG[39m [38;5;3m[NestFactory] [39m[32mStarting Nest application...[39m
[32m[Nest] 12960  - [39m10/04/2026, 10:07:54 p.m. [32m    LOG[39m [38;5;3m[InstanceLoader] [39m[32mTypeOrmModule dependencies initialized[39m[38;5;3m +24ms[39m
[32m[Nest] 12960  - [39m10/04/2026, 10:07:54 p.m. [32m    LOG[39m [38;5;3m[InstanceLoader] [39m[32mPassportModule dependencies initialized[39m[38;5;3m +0ms[39m
[32m[Nest] 12960  - [39m10/04/2026, 10:07:54 p.m. [32m    LOG[39m [38;5;3m[InstanceLoader] [39m[32mAppModule dependencies initialized[39m[38;5;3m +1ms[39m
[32m[Nest] 12960  - [39m10/04/2026, 10:07:54 p.m. [32m    LOG[39m [38;5;3m[InstanceLoader] [39m[32mConfigHostModule dependencies initialized[39m[38;5;3m +0ms[39m
[32m[Nest] 12960  - [39m10/04/2026, 10:07:54 p.m. [32m    LOG[39m [38;5;3m[InstanceLoader] [39m[32mDiscoveryModule dependencies initialized[39m[38;5;3m +0ms[39m
[32m[Nest] 12960  - [39m10/04/2026, 10:07:54 p.m. [32m    LOG[39m [38;5;3m[InstanceLoader] [39m[32mConfigModule dependencies initialized[39m[38;5;3m +1ms[39m
[32m[Nest] 12960  - [39m10/04/2026, 10:07:54 p.m. [32m    LOG[39m [38;5;3m[InstanceLoader] [39m[32mConfigModule dependencies initialized[39m[38;5;3m +0ms[39m
[32m[Nest] 12960  - [39m10/04/2026, 10:07:54 p.m. [32m    LOG[39m [38;5;3m[InstanceLoader] [39m[32mScheduleModule dependencies initialized[39m[38;5;3m +2ms[39m
[33m[Nest] 12960  - [39m10/04/2026, 10:07:54 p.m. [33m   WARN[39m [38;5;3m[MailerService] [39m[33mVariables SMTP no configuradas ÔÇö los c├│digos 2FA se imprimir├ín en consola[39m
[32m[Nest] 12960  - [39m10/04/2026, 10:07:54 p.m. [32m    LOG[39m [38;5;3m[InstanceLoader] [39m[32mJwtModule dependencies initialized[39m[38;5;3m +35ms[39m
[Nest] 12960  - 10/04/2026, 10:07:54 p.m.   ERROR [TypeOrmModule] Unable to connect to the database. Retrying (1)...
error: la autentificaci´┐¢n password fall´┐¢ para el usuario ´┐¢tc_admin´┐¢
    at parseErrorMessage (C:\Users\isaac\PI\back\tienditacampus-backend\node_modules\pg-protocol\dist\parser.js:305:11)
    at Parser.handlePacket (C:\Users\isaac\PI\back\tienditacampus-backend\node_modules\pg-protocol\dist\parser.js:143:27)
    at Parser.parse (C:\Users\isaac\PI\back\tienditacampus-backend\node_modules\pg-protocol\dist\parser.js:37:38)
    at Socket.<anonymous> (C:\Users\isaac\PI\back\tienditacampus-backend\node_modules\pg-protocol\dist\index.js:11:42)
    at Socket.emit (node:events:519:28)
    at addChunk (node:internal/streams/readable:561:12)
    at readableAddChunkPushByteMode (node:internal/streams/readable:512:3)
    at Readable.push (node:internal/streams/readable:392:5)
    at TCP.onStreamRead (node:internal/stream_base_commons:189:23)
[Nest] 12960  - 10/04/2026, 10:07:57 p.m.   ERROR [TypeOrmModule] Unable to connect to the database. Retrying (2)...
error: la autentificaci´┐¢n password fall´┐¢ para el usuario ´┐¢tc_admin´┐¢
    at parseErrorMessage (C:\Users\isaac\PI\back\tienditacampus-backend\node_modules\pg-protocol\dist\parser.js:305:11)
    at Parser.handlePacket (C:\Users\isaac\PI\back\tienditacampus-backend\node_modules\pg-protocol\dist\parser.js:143:27)
    at Parser.parse (C:\Users\isaac\PI\back\tienditacampus-backend\node_modules\pg-protocol\dist\parser.js:37:38)
    at Socket.<anonymous> (C:\Users\isaac\PI\back\tienditacampus-backend\node_modules\pg-protocol\dist\index.js:11:42)
    at Socket.emit (node:events:519:28)
    at addChunk (node:internal/streams/readable:561:12)
    at readableAddChunkPushByteMode (node:internal/streams/readable:512:3)
    at Readable.push (node:internal/streams/readable:392:5)
    at TCP.onStreamRead (node:internal/stream_base_commons:189:23)
[Nest] 12960  - 10/04/2026, 10:08:00 p.m.   ERROR [TypeOrmModule] Unable to connect to the database. Retrying (3)...
error: la autentificaci´┐¢n password fall´┐¢ para el usuario ´┐¢tc_admin´┐¢
    at parseErrorMessage (C:\Users\isaac\PI\back\tienditacampus-backend\node_modules\pg-protocol\dist\parser.js:305:11)
    at Parser.handlePacket (C:\Users\isaac\PI\back\tienditacampus-backend\node_modules\pg-protocol\dist\parser.js:143:27)
    at Parser.parse (C:\Users\isaac\PI\back\tienditacampus-backend\node_modules\pg-protocol\dist\parser.js:37:38)
    at Socket.<anonymous> (C:\Users\isaac\PI\back\tienditacampus-backend\node_modules\pg-protocol\dist\index.js:11:42)
    at Socket.emit (node:events:519:28)
    at addChunk (node:internal/streams/readable:561:12)
    at readableAddChunkPushByteMode (node:internal/streams/readable:512:3)
    at Readable.push (node:internal/streams/readable:392:5)
    at TCP.onStreamRead (node:internal/stream_base_commons:189:23)
[Nest] 12960  - 10/04/2026, 10:08:03 p.m.   ERROR [TypeOrmModule] Unable to connect to the database. Retrying (4)...
error: la autentificaci´┐¢n password fall´┐¢ para el usuario ´┐¢tc_admin´┐¢
    at parseErrorMessage (C:\Users\isaac\PI\back\tienditacampus-backend\node_modules\pg-protocol\dist\parser.js:305:11)
    at Parser.handlePacket (C:\Users\isaac\PI\back\tienditacampus-backend\node_modules\pg-protocol\dist\parser.js:143:27)
    at Parser.parse (C:\Users\isaac\PI\back\tienditacampus-backend\node_modules\pg-protocol\dist\parser.js:37:38)
    at Socket.<anonymous> (C:\Users\isaac\PI\back\tienditacampus-backend\node_modules\pg-protocol\dist\index.js:11:42)
    at Socket.emit (node:events:519:28)
    at addChunk (node:internal/streams/readable:561:12)
    at readableAddChunkPushByteMode (node:internal/streams/readable:512:3)
    at Readable.push (node:internal/streams/readable:392:5)
    at TCP.onStreamRead (node:internal/stream_base_commons:189:23)
[Nest] 12960  - 10/04/2026, 10:08:06 p.m.   ERROR [TypeOrmModule] Unable to connect to the database. Retrying (5)...
error: la autentificaci´┐¢n password fall´┐¢ para el usuario ´┐¢tc_admin´┐¢
    at parseErrorMessage (C:\Users\isaac\PI\back\tienditacampus-backend\node_modules\pg-protocol\dist\parser.js:305:11)
    at Parser.handlePacket (C:\Users\isaac\PI\back\tienditacampus-backend\node_modules\pg-protocol\dist\parser.js:143:27)
    at Parser.parse (C:\Users\isaac\PI\back\tienditacampus-backend\node_modules\pg-protocol\dist\parser.js:37:38)
    at Socket.<anonymous> (C:\Users\isaac\PI\back\tienditacampus-backend\node_modules\pg-protocol\dist\index.js:11:42)
    at Socket.emit (node:events:519:28)
    at addChunk (node:internal/streams/readable:561:12)
    at readableAddChunkPushByteMode (node:internal/streams/readable:512:3)
    at Readable.push (node:internal/streams/readable:392:5)
    at TCP.onStreamRead (node:internal/stream_base_commons:189:23)
[Nest] 12960  - 10/04/2026, 10:08:09 p.m.   ERROR [TypeOrmModule] Unable to connect to the database. Retrying (6)...
error: la autentificaci´┐¢n password fall´┐¢ para el usuario ´┐¢tc_admin´┐¢
    at parseErrorMessage (C:\Users\isaac\PI\back\tienditacampus-backend\node_modules\pg-protocol\dist\parser.js:305:11)
    at Parser.handlePacket (C:\Users\isaac\PI\back\tienditacampus-backend\node_modules\pg-protocol\dist\parser.js:143:27)
    at Parser.parse (C:\Users\isaac\PI\back\tienditacampus-backend\node_modules\pg-protocol\dist\parser.js:37:38)
    at Socket.<anonymous> (C:\Users\isaac\PI\back\tienditacampus-backend\node_modules\pg-protocol\dist\index.js:11:42)
    at Socket.emit (node:events:519:28)
    at addChunk (node:internal/streams/readable:561:12)
    at readableAddChunkPushByteMode (node:internal/streams/readable:512:3)
    at Readable.push (node:internal/streams/readable:392:5)
    at TCP.onStreamRead (node:internal/stream_base_commons:189:23)
[Nest] 12960  - 10/04/2026, 10:08:12 p.m.   ERROR [TypeOrmModule] Unable to connect to the database. Retrying (7)...
error: la autentificaci´┐¢n password fall´┐¢ para el usuario ´┐¢tc_admin´┐¢
    at parseErrorMessage (C:\Users\isaac\PI\back\tienditacampus-backend\node_modules\pg-protocol\dist\parser.js:305:11)
    at Parser.handlePacket (C:\Users\isaac\PI\back\tienditacampus-backend\node_modules\pg-protocol\dist\parser.js:143:27)
    at Parser.parse (C:\Users\isaac\PI\back\tienditacampus-backend\node_modules\pg-protocol\dist\parser.js:37:38)
    at Socket.<anonymous> (C:\Users\isaac\PI\back\tienditacampus-backend\node_modules\pg-protocol\dist\index.js:11:42)
    at Socket.emit (node:events:519:28)
    at addChunk (node:internal/streams/readable:561:12)
    at readableAddChunkPushByteMode (node:internal/streams/readable:512:3)
    at Readable.push (node:internal/streams/readable:392:5)
    at TCP.onStreamRead (node:internal/stream_base_commons:189:23)
[Nest] 12960  - 10/04/2026, 10:08:15 p.m.   ERROR [TypeOrmModule] Unable to connect to the database. Retrying (8)...
error: la autentificaci´┐¢n password fall´┐¢ para el usuario ´┐¢tc_admin´┐¢
    at parseErrorMessage (C:\Users\isaac\PI\back\tienditacampus-backend\node_modules\pg-protocol\dist\parser.js:305:11)
    at Parser.handlePacket (C:\Users\isaac\PI\back\tienditacampus-backend\node_modules\pg-protocol\dist\parser.js:143:27)
    at Parser.parse (C:\Users\isaac\PI\back\tienditacampus-backend\node_modules\pg-protocol\dist\parser.js:37:38)
    at Socket.<anonymous> (C:\Users\isaac\PI\back\tienditacampus-backend\node_modules\pg-protocol\dist\index.js:11:42)
    at Socket.emit (node:events:519:28)
    at addChunk (node:internal/streams/readable:561:12)
    at readableAddChunkPushByteMode (node:internal/streams/readable:512:3)
    at Readable.push (node:internal/streams/readable:392:5)
    at TCP.onStreamRead (node:internal/stream_base_commons:189:23)
[Nest] 12960  - 10/04/2026, 10:08:18 p.m.   ERROR [TypeOrmModule] Unable to connect to the database. Retrying (9)...
error: la autentificaci´┐¢n password fall´┐¢ para el usuario ´┐¢tc_admin´┐¢
    at parseErrorMessage (C:\Users\isaac\PI\back\tienditacampus-backend\node_modules\pg-protocol\dist\parser.js:305:11)
    at Parser.handlePacket (C:\Users\isaac\PI\back\tienditacampus-backend\node_modules\pg-protocol\dist\parser.js:143:27)
    at Parser.parse (C:\Users\isaac\PI\back\tienditacampus-backend\node_modules\pg-protocol\dist\parser.js:37:38)
    at Socket.<anonymous> (C:\Users\isaac\PI\back\tienditacampus-backend\node_modules\pg-protocol\dist\index.js:11:42)
    at Socket.emit (node:events:519:28)
    at addChunk (node:internal/streams/readable:561:12)
    at readableAddChunkPushByteMode (node:internal/streams/readable:512:3)
    at Readable.push (node:internal/streams/readable:392:5)
    at TCP.onStreamRead (node:internal/stream_base_commons:189:23)
[Nest] 12960  - 10/04/2026, 10:08:18 p.m.   ERROR [ExceptionHandler] la autentificaci´┐¢n password fall´┐¢ para el usuario ´┐¢tc_admin´┐¢
error: la autentificaci´┐¢n password fall´┐¢ para el usuario ´┐¢tc_admin´┐¢
    at parseErrorMessage (C:\Users\isaac\PI\back\tienditacampus-backend\node_modules\pg-protocol\dist\parser.js:305:11)
    at Parser.handlePacket (C:\Users\isaac\PI\back\tienditacampus-backend\node_modules\pg-protocol\dist\parser.js:143:27)
    at Parser.parse (C:\Users\isaac\PI\back\tienditacampus-backend\node_modules\pg-protocol\dist\parser.js:37:38)
    at Socket.<anonymous> (C:\Users\isaac\PI\back\tienditacampus-backend\node_modules\pg-protocol\dist\index.js:11:42)
    at Socket.emit (node:events:519:28)
    at addChunk (node:internal/streams/readable:561:12)
    at readableAddChunkPushByteMode (node:internal/streams/readable:512:3)
    at Readable.push (node:internal/streams/readable:392:5)
    at TCP.onStreamRead (node:internal/stream_base_commons:189:23)
